[dotenv@17.3.1] injecting env (1) from .env -- tip: ⚙️  write to custom object with { processEnv: myObject }
Server running on port 5053
Mongoose connected
MongoDB connected: mongodb://127.0.0.1:27017/stockDB
[AUTH] POST /api/auth/signup/company
signupCompany payload keys: [
  'companyName',
  'email',
  'password',
  'confirmPassword',
  'registrationNumber',
  'industry',
  'foundedYear',
  'fundingNeeded',
  'equityOffered'
]
signupCompany success: 699deb192c2a2e397d881e53
[AUTH] POST /api/auth/login
login attempt: company.1771957017175@testmail.com
createStock payload keys: [
  'stockSymbol',
  'sector',
  'currentPrice',
  'currentVolume',
  'fundamentals'
]
createStock error: TypeError: next is not a function
    at model.stockPreSave (C:\Users\sakth\OneDrive\Desktop\BigData\stock_analysis\models\Stock.js:120:5)
    at Kareem.execPre (C:\Users\sakth\OneDrive\Desktop\BigData\stock_analysis\node_modules\kareem\index.js:68:39)
    at process.processTicksAndRejections (node:internal/process/task_queues:103:5)
    at async model.$__save (C:\Users\sakth\OneDrive\Desktop\BigData\stock_analysis\node_modules\mongoose\lib\model.js:376:5)
    at async model.save (C:\Users\sakth\OneDrive\Desktop\BigData\stock_analysis\node_modules\mongoose\lib\model.js:642:5)
    at async exports.createStock (C:\Users\sakth\OneDrive\Desktop\BigData\stock_analysis\controllers\stockController.js:378:5)
